// Jest Snapshot v1, https://goo.gl/fbAQLP

exports[`Counter should render Counter 1`] = `
<div>
  <div>
    <h2>
      0
    </h2>
    <button
      class="incrementButton"
    >
       +1 
    </button>
    <button
      class="decrementButton"
    >
       -1 
    </button>
  </div>
</div>
`;
